<area shape="rect" href="$_nessie_exception_8hpp.html" title="Declaration of NessieException class." alt="" coords="5,81,141,105">
<area shape="rect" href="$_nessie_ocr_8hpp.html" title="Declaration of NessieOcr class." alt="" coords="165,81,267,105">
<area shape="rect" href="$_clip_8hpp.html" title="Declaration of Clip class." alt="" coords="544,156,611,180">
<area shape="rect" href="$_classifier_8hpp.html" title="Declaration of Classifier class." alt="" coords="291,81,387,105">
<area shape="rect" href="$_classifier_statistics_8hpp.html" title="Declaration of ClassifierStatistics class." alt="" coords="269,156,413,180">
<area shape="rect" href="$_pattern_8hpp.html" title="Declaration of Pattern class." alt="" coords="512,81,595,105">
<area shape="rect" href="$_feature_vector_8hpp.html" title="Declaration of FeatureVector class." alt="" coords="619,81,739,105">
<area shape="rect" href="$_preprocessor_statistics_8hpp.html" title="Declaration of PreprocessorStatistics class." alt="" coords="752,156,917,180">
<area shape="rect" href="$_feature_extractor_statistics_8hpp.html" title="Declaration of FeatureExtractorStatistics class." alt="" coords="967,156,1151,180">
<area shape="rect" href="$_preprocessor_8hpp.html" title="Declaration of Preprocessor class." alt="" coords="763,81,880,105">
<area shape="rect" href="$_feature_extractor_8hpp.html" title="Declaration of FeatureExtractor class." alt="" coords="1005,81,1139,105">
