<area shape="rect" href="$_clip_8cpp.html" title="Definition of Clip class." alt="" coords="5,81,72,105">
<area shape="rect" href="$_feature_vector_8cpp.html" title="Definition of FeatureVector class." alt="" coords="96,81,216,105">
<area shape="rect" href="$_knn_classification_algorithm_8cpp.html" title="Definition of KnnClassificationAlgorithm class." alt="" coords="240,81,432,105">
<area shape="rect" href="$_knn_classifier_8cpp.html" title="Definition of KnnClassifier class." alt="" coords="456,81,571,105">
<area shape="rect" href="$_my_sql_dataset_8cpp.html" title="Definition of MySqlDataset class." alt="" coords="595,81,715,105">
<area shape="rect" href="$_nessie_exception_8cpp.html" title="Definition of NessieException class." alt="" coords="739,81,875,105">
<area shape="rect" href="$_nessie_ocr_8cpp.html" title="Implementation of NessieOcr class." alt="" coords="899,81,997,105">
<area shape="rect" href="$_plain_text_dataset_8cpp.html" title="Definition of PlainTextDataset class." alt="" coords="1021,81,1157,105">
<area shape="rect" href="$_postgre_sql_dataset_8cpp.html" title="Definition of PostgreSqlDataset class." alt="" coords="1181,81,1328,105">
<area shape="rect" href="$_text_8cpp.html" title="Definition of Text class." alt="" coords="1352,81,1419,105">
