<area shape="rect" href="$_partitioner_8cpp-source.html" title="Partitioner.cpp" alt="" coords="457,239,577,265">
<area shape="rect" href="$_pixel_8cpp.html" title="Implementation of class Pixel." alt="" coords="747,84,827,111">
<area shape="rect" href="$_shape_8cpp-source.html" title="Shape.cpp" alt="" coords="5,161,96,188">
<area shape="rect" href="$_shape_8h-source.html" title="Shape.h" alt="" coords="301,84,376,111">
<area shape="rect" href="$_partitioner_8h-source.html" title="Partitioner.h" alt="" coords="528,161,632,188">
<area shape="rect" href="$_clip_8h.html" title="Declaration of class Clip." alt="" coords="667,84,723,111">
<area shape="rect" href="$_feature_vector_8cpp-source.html" title="FeatureVector.cpp" alt="" coords="171,239,317,265">
<area shape="rect" href="$_feature_vector_8h-source.html" title="FeatureVector.h" alt="" coords="221,161,352,188">
<area shape="rect" href="$_classifier_8h-source.html" title="Classifier.h" alt="" coords="343,239,433,265">
<area shape="rect" href="$_recognizer_8h-source.html" title="Recognizer.h" alt="" coords="561,316,668,343">
<area shape="rect" href="$_recognizer_8cpp-source.html" title="Recognizer.cpp" alt="" coords="679,393,801,420">
<area shape="rect" href="$_clip_8cpp.html" title="Implementation of class Clip." alt="" coords="757,161,829,188">
<area shape="rect" href="$_preprocessor_8cpp.html" title="Implementation of class Preprocessor." alt="" coords="904,161,1040,188">
