<area shape="rect" href="$class_region.html#5f5345fe4660595a77c9f578e4aad9b3" title="Adds a pair of pixel coordinates to the region." alt="" coords="321,5,487,29">
<area shape="rect" href="$class_clip.html#939908a8dde602d25335792cc0fd5d97" title="Returns the height of the clip." alt="" coords="359,53,449,77">
<area shape="rect" href="$class_preprocessor_statistics.html#89b8a3ecd00bc08c7ee0b9174fb3c21a" title="Sets the number of line delimiters found while executing the regions extraction algorithm..." alt="" coords="276,101,532,125">
<area shape="rect" href="$class_preprocessor_statistics.html#cd997d96cac39c43698fc7beebcd7d03" title="Sets the number of regions found after merging the accents while executing the regions..." alt="" coords="257,149,551,173">
<area shape="rect" href="$class_preprocessor_statistics.html#f60ad6e64ad8e20186526fa0468d0bd7" title="Sets the number of regions found before merging the accents while executing the regions..." alt="" coords="252,197,556,221">
<area shape="rect" href="$class_preprocessor_statistics.html#b86800469353c52374550e78ec73d0fe" title="Sets the elapsed time while executing the regions extraction algorithm." alt="" coords="256,245,552,269">
<area shape="rect" href="$class_region.html#3a5ab9b7f6d60b845475309be2298f04" title="Returns the number of pixels in the region." alt="" coords="357,293,451,317">
<area shape="rect" href="$class_clip.html#eb6b12a1a0570b529d6a09633b991fcd" title="Returns the number of pixels in the clip." alt="" coords="367,341,441,365">
<area shape="rect" href="$class_clip.html#88d1a47c0ec077e8c6680785509389b0" title="Returns the width of the clip." alt="" coords="361,389,447,413">
