<area shape="rect" href="$a00048.html" title="Declaration of NessieOcr class." alt="" coords="5,81,107,105">
<area shape="rect" href="$a00046.html" title="Declaration of NessieException class." alt="" coords="131,81,267,105">
<area shape="rect" href="$a00051.html" title="Declaration of Pattern class." alt="" coords="291,81,373,105">
<area shape="rect" href="$a00038.html" title="Declaration of FeatureVector class." alt="" coords="397,81,517,105">
<area shape="rect" href="$a00059.html" title="Declaration of PreprocessorStatistics class." alt="" coords="475,156,640,180">
<area shape="rect" href="$a00036.html" title="Declaration of FeatureExtractorStatistics class." alt="" coords="671,156,855,180">
<area shape="rect" href="$a00028.html" title="Declaration of ClassifierStatistics class." alt="" coords="925,156,1069,180">
<area shape="rect" href="$a00057.html" title="Declaration of Preprocessor class." alt="" coords="592,81,709,105">
<area shape="rect" href="$a00034.html" title="Declaration of FeatureExtractor class." alt="" coords="784,81,917,105">
<area shape="rect" href="$a00026.html" title="Declaration of Classifier class." alt="" coords="992,81,1088,105">
